[0m11:07:40.525820 [debug] [MainThread]: Sending event: {'category': 'dbt', 'action': 'invocation', 'label': 'start', 'context': [<snowplow_tracker.self_describing_json.SelfDescribingJson object at 0x0000020CD20D8980>, <snowplow_tracker.self_describing_json.SelfDescribingJson object at 0x0000020CD2B9C2D0>, <snowplow_tracker.self_describing_json.SelfDescribingJson object at 0x0000020CD31E3ED0>]}


============================== 11:07:40.533751 | eba3dd0a-7851-41d9-a310-8fcde7a82190 ==============================
[0m11:07:40.533751 [info ] [MainThread]: Running with dbt=1.10.13
[0m11:07:40.534625 [debug] [MainThread]: running dbt with arguments {'partial_parse': 'True', 'static_parser': 'True', 'send_anonymous_usage_stats': 'True', 'use_colors': 'True', 'cache_selected_only': 'False', 'target_path': 'None', 'warn_error': 'None', 'invocation_command': 'dbt init', 'log_format': 'default', 'version_check': 'True', 'introspect': 'True', 'debug': 'False', 'printer_width': '80', 'fail_fast': 'False', 'no_print': 'None', 'empty': 'None', 'quiet': 'False', 'use_experimental_parser': 'False', 'log_cache_events': 'False', 'indirect_selection': 'eager', 'log_path': 'logs', 'profiles_dir': 'C:\\Users\\Apurva Kacholiya\\.dbt', 'warn_error_options': 'WarnErrorOptionsV2(error=[], warn=[], silence=[])', 'write_json': 'True'}
[0m11:07:55.760973 [debug] [MainThread]: Starter project path: C:\Users\Apurva Kacholiya\AppData\Local\Programs\Python\Python313\Lib\site-packages\dbt\include\starter_project
[0m11:07:55.822244 [info ] [MainThread]: 
Your new dbt project "E_Commerce" was created!

For more information on how to configure the profiles.yml file,
please consult the dbt documentation here:

  https://docs.getdbt.com/docs/configure-your-profile

One more thing:

Need help? Don't hesitate to reach out to us via GitHub issues or on Slack:

  https://community.getdbt.com/

Happy modeling!

[0m11:07:55.823461 [info ] [MainThread]: Setting up your profile.
[0m14:58:53.899137 [info ] [MainThread]: Profile E_Commerce written to C:\Users\Apurva Kacholiya\.dbt\profiles.yml using target's profile_template.yml and your supplied values. Run 'dbt debug' to validate the connection.
[0m14:58:53.921349 [debug] [MainThread]: Command `dbt init` succeeded at 14:58:53.920487 after 13873.54 seconds
[0m14:58:53.923996 [debug] [MainThread]: Sending event: {'category': 'dbt', 'action': 'invocation', 'label': 'end', 'context': [<snowplow_tracker.self_describing_json.SelfDescribingJson object at 0x0000020CEE03E520>, <snowplow_tracker.self_describing_json.SelfDescribingJson object at 0x0000020CD42C3530>, <snowplow_tracker.self_describing_json.SelfDescribingJson object at 0x0000020CEDFABF00>]}
[0m14:58:53.926372 [debug] [MainThread]: Flushing usage events
[0m14:58:55.738373 [debug] [MainThread]: An error was encountered while trying to flush usage events
